// Jest Snapshot v1, https://goo.gl/fbAQLP

exports[`test for mission component renders mission component 1`] = `
Object {
  "asFragment": [Function],
  "baseElement": <body>
    <div>
      <div
        class="ps-2 mission row"
      >
        <div
          class="col-3 column col"
        >
          <h4>
            name
          </h4>
        </div>
        <div
          class="col-6 column col"
        >
          <p>
            some text here
          </p>
        </div>
        <div
          class="d-flex align-items-center justify-content-center column col"
        >
          <div
            class="fade p-1 not_a_member alert alert-secondary show"
            role="alert"
          >
            Not a member
          </div>
        </div>
        <div
          class="d-flex align-items-center justify-content-center col"
        >
          <button
            class="join_btn btn btn-danger"
            type="button"
          >
            Join Mission
          </button>
        </div>
      </div>
    </div>
  </body>,
  "container": <div>
    <div
      class="ps-2 mission row"
    >
      <div
        class="col-3 column col"
      >
        <h4>
          name
        </h4>
      </div>
      <div
        class="col-6 column col"
      >
        <p>
          some text here
        </p>
      </div>
      <div
        class="d-flex align-items-center justify-content-center column col"
      >
        <div
          class="fade p-1 not_a_member alert alert-secondary show"
          role="alert"
        >
          Not a member
        </div>
      </div>
      <div
        class="d-flex align-items-center justify-content-center col"
      >
        <button
          class="join_btn btn btn-danger"
          type="button"
        >
          Join Mission
        </button>
      </div>
    </div>
  </div>,
  "debug": [Function],
  "findAllByAltText": [Function],
  "findAllByDisplayValue": [Function],
  "findAllByLabelText": [Function],
  "findAllByPlaceholderText": [Function],
  "findAllByRole": [Function],
  "findAllByTestId": [Function],
  "findAllByText": [Function],
  "findAllByTitle": [Function],
  "findByAltText": [Function],
  "findByDisplayValue": [Function],
  "findByLabelText": [Function],
  "findByPlaceholderText": [Function],
  "findByRole": [Function],
  "findByTestId": [Function],
  "findByText": [Function],
  "findByTitle": [Function],
  "getAllByAltText": [Function],
  "getAllByDisplayValue": [Function],
  "getAllByLabelText": [Function],
  "getAllByPlaceholderText": [Function],
  "getAllByRole": [Function],
  "getAllByTestId": [Function],
  "getAllByText": [Function],
  "getAllByTitle": [Function],
  "getByAltText": [Function],
  "getByDisplayValue": [Function],
  "getByLabelText": [Function],
  "getByPlaceholderText": [Function],
  "getByRole": [Function],
  "getByTestId": [Function],
  "getByText": [Function],
  "getByTitle": [Function],
  "queryAllByAltText": [Function],
  "queryAllByDisplayValue": [Function],
  "queryAllByLabelText": [Function],
  "queryAllByPlaceholderText": [Function],
  "queryAllByRole": [Function],
  "queryAllByTestId": [Function],
  "queryAllByText": [Function],
  "queryAllByTitle": [Function],
  "queryByAltText": [Function],
  "queryByDisplayValue": [Function],
  "queryByLabelText": [Function],
  "queryByPlaceholderText": [Function],
  "queryByRole": [Function],
  "queryByTestId": [Function],
  "queryByText": [Function],
  "queryByTitle": [Function],
  "rerender": [Function],
  "store": Object {
    "@@observable": [Function],
    "dispatch": [Function],
    "getState": [Function],
    "replaceReducer": [Function],
    "subscribe": [Function],
  },
  "unmount": [Function],
}
`;
